

================================================================
== Vivado HLS Report for 'ula_new'
================================================================
* Date:           Fri Dec  8 21:51:50 2017

* Version:        2017.3 (Build 2018833 on Wed Oct 04 20:30:40 MDT 2017)
* Project:        ula_simples_final
* Solution:       solution1
* Product family: artix7
* Target device:  xc7a200tfbg676-2


================================================================
== Performance Estimates
================================================================
+ Timing (ns): 
    * Summary: 
    +--------+-------+----------+------------+
    |  Clock | Target| Estimated| Uncertainty|
    +--------+-------+----------+------------+
    |ap_clk  |  10.00|      2.23|        1.25|
    +--------+-------+----------+------------+

+ Latency (clock cycles): 
    * Summary: 
    +-----+-----+-----+-----+---------+
    |  Latency  |  Interval | Pipeline|
    | min | max | min | max |   Type  |
    +-----+-----+-----+-----+---------+
    |    0|    0|    1|    1|   none  |
    +-----+-----+-----+-----+---------+

    + Detail: 
        * Instance: 
        +---------------------------------+---------------+-----+-----+-----+-----+---------+
        |                                 |               |  Latency  |  Interval | Pipeline|
        |             Instance            |     Module    | min | max | min | max |   Type  |
        +---------------------------------+---------------+-----+-----+-----+-----+---------+
        |StgValue_11_ula_new_opUla_fu_50  |ula_new_opUla  |    0|    0|    0|    0|   none  |
        +---------------------------------+---------------+-----+-----+-----+-----+---------+

        * Loop: 
        N/A



================================================================
== Utilization Estimates
================================================================
* Summary: 
+-----------------+---------+-------+--------+--------+
|       Name      | BRAM_18K| DSP48E|   FF   |   LUT  |
+-----------------+---------+-------+--------+--------+
|DSP              |        -|      -|       -|       -|
|Expression       |        -|      -|       -|       -|
|FIFO             |        -|      -|       -|       -|
|Instance         |        -|      -|       0|      50|
|Memory           |        -|      -|       -|       -|
|Multiplexer      |        -|      -|       -|       -|
|Register         |        -|      -|       -|       -|
+-----------------+---------+-------+--------+--------+
|Total            |        0|      0|       0|      50|
+-----------------+---------+-------+--------+--------+
|Available        |      730|    740|  269200|  129000|
+-----------------+---------+-------+--------+--------+
|Utilization (%)  |        0|      0|       0|   ~0   |
+-----------------+---------+-------+--------+--------+

+ Detail: 
    * Instance: 
    +---------------------------------+---------------+---------+-------+---+----+
    |             Instance            |     Module    | BRAM_18K| DSP48E| FF| LUT|
    +---------------------------------+---------------+---------+-------+---+----+
    |StgValue_11_ula_new_opUla_fu_50  |ula_new_opUla  |        0|      0|  0|  50|
    +---------------------------------+---------------+---------+-------+---+----+
    |Total                            |               |        0|      0|  0|  50|
    +---------------------------------+---------------+---------+-------+---+----+

    * DSP48: 
    N/A

    * Memory: 
    N/A

    * FIFO: 
    N/A

    * Expression: 
    N/A

    * Multiplexer: 
    N/A

    * Register: 
    N/A



================================================================
== Interface
================================================================
* Summary: 
+----------+-----+-----+---------+--------------+---------+
| RTL Ports| Dir | Bits| Protocol| Source Object|  C Type |
+----------+-----+-----+---------+--------------+---------+
|A         |  in |    1| ap_none |       A      | pointer |
|B         |  in |    1| ap_none |       B      | pointer |
|carryIn   |  in |    1| ap_none |    carryIn   | pointer |
|op        |  in |    2| ap_none |      op      | pointer |
|C         | out |    1|  ap_vld |       C      | pointer |
|carryOut  | out |    1|  ap_vld |   carryOut   | pointer |
+----------+-----+-----+---------+--------------+---------+

