

================================================================
== Vivado HLS Report for 'ula_new'
================================================================
* Date:           Fri Dec  8 22:15:56 2017

* Version:        2017.3 (Build 2018833 on Wed Oct 04 20:30:40 MDT 2017)
* Project:        ula_high_final
* Solution:       solution1
* Product family: artix7
* Target device:  xc7a200tfbg676-2


================================================================
== Performance Estimates
================================================================
+ Timing (ns): 
    * Summary: 
    +--------+-------+----------+------------+
    |  Clock | Target| Estimated| Uncertainty|
    +--------+-------+----------+------------+
    |ap_clk  |  10.00|      8.11|        1.25|
    +--------+-------+----------+------------+

+ Latency (clock cycles): 
    * Summary: 
    +-----+-----+-----+-----+---------+
    |  Latency  |  Interval | Pipeline|
    | min | max | min | max |   Type  |
    +-----+-----+-----+-----+---------+
    |    0|    0|    1|    1|   none  |
    +-----+-----+-----+-----+---------+

    + Detail: 
        * Instance: 
        +--------------------------------+---------------+-----+-----+-----+-----+---------+
        |                                |               |  Latency  |  Interval | Pipeline|
        |            Instance            |     Module    | min | max | min | max |   Type  |
        +--------------------------------+---------------+-----+-----+-----+-----+---------+
        |StgValue_9_ula_new_opUla_fu_42  |ula_new_opUla  |    0|    0|    0|    0|   none  |
        +--------------------------------+---------------+-----+-----+-----+-----+---------+

        * Loop: 
        N/A



================================================================
== Utilization Estimates
================================================================
* Summary: 
+-----------------+---------+-------+--------+--------+
|       Name      | BRAM_18K| DSP48E|   FF   |   LUT  |
+-----------------+---------+-------+--------+--------+
|DSP              |        -|      -|       -|       -|
|Expression       |        -|      -|       -|       -|
|FIFO             |        -|      -|       -|       -|
|Instance         |        -|      1|       0|     120|
|Memory           |        -|      -|       -|       -|
|Multiplexer      |        -|      -|       -|       -|
|Register         |        -|      -|       -|       -|
+-----------------+---------+-------+--------+--------+
|Total            |        0|      1|       0|     120|
+-----------------+---------+-------+--------+--------+
|Available        |      730|    740|  269200|  129000|
+-----------------+---------+-------+--------+--------+
|Utilization (%)  |        0|   ~0  |       0|   ~0   |
+-----------------+---------+-------+--------+--------+

+ Detail: 
    * Instance: 
    +--------------------------------+---------------+---------+-------+---+-----+
    |            Instance            |     Module    | BRAM_18K| DSP48E| FF| LUT |
    +--------------------------------+---------------+---------+-------+---+-----+
    |StgValue_9_ula_new_opUla_fu_42  |ula_new_opUla  |        0|      1|  0|  120|
    +--------------------------------+---------------+---------+-------+---+-----+
    |Total                           |               |        0|      1|  0|  120|
    +--------------------------------+---------------+---------+-------+---+-----+

    * DSP48: 
    N/A

    * Memory: 
    N/A

    * FIFO: 
    N/A

    * Expression: 
    N/A

    * Multiplexer: 
    N/A

    * Register: 
    N/A



================================================================
== Interface
================================================================
* Summary: 
+----------+-----+-----+---------+--------------+---------+
| RTL Ports| Dir | Bits| Protocol| Source Object|  C Type |
+----------+-----+-----+---------+--------------+---------+
|A         |  in |   16| ap_none |       A      | pointer |
|B         |  in |   16| ap_none |       B      | pointer |
|op        |  in |    3| ap_none |      op      | pointer |
|C         | out |   16|  ap_vld |       C      | pointer |
+----------+-----+-----+---------+--------------+---------+

