

================================================================
== Vivado HLS Report for 'simple_counter_counting'
================================================================
* Date:           Fri Dec  8 21:20:51 2017

* Version:        2017.3 (Build 2018833 on Wed Oct 04 20:30:40 MDT 2017)
* Project:        divisor_final
* Solution:       solution1
* Product family: artix7
* Target device:  xc7a200tfbg676-2


================================================================
== Performance Estimates
================================================================
+ Timing (ns): 
    * Summary: 
    +--------+-------+----------+------------+
    |  Clock | Target| Estimated| Uncertainty|
    +--------+-------+----------+------------+
    |ap_clk  |  10.00|      4.29|        1.25|
    +--------+-------+----------+------------+

+ Latency (clock cycles): 
    * Summary: 
    +-----+-----+-----+-----+---------+
    |  Latency  |  Interval | Pipeline|
    | min | max | min | max |   Type  |
    +-----+-----+-----+-----+---------+
    |    4|    4|    4|    4|   none  |
    +-----+-----+-----+-----+---------+

    + Detail: 
        * Instance: 
        N/A

        * Loop: 
        +----------+-----+-----+----------+-----------+-----------+------+----------+
        |          |  Latency  | Iteration|  Initiation Interval  | Trip |          |
        | Loop Name| min | max |  Latency |  achieved |   target  | Count| Pipelined|
        +----------+-----+-----+----------+-----------+-----------+------+----------+
        |- Loop 1  |    2|    2|         2|          -|          -|  inf |    no    |
        +----------+-----+-----+----------+-----------+-----------+------+----------+



================================================================
== Utilization Estimates
================================================================
* Summary: 
+-----------------+---------+-------+--------+--------+
|       Name      | BRAM_18K| DSP48E|   FF   |   LUT  |
+-----------------+---------+-------+--------+--------+
|DSP              |        -|      -|       -|       -|
|Expression       |        -|      -|       0|      65|
|FIFO             |        -|      -|       -|       -|
|Instance         |        -|      -|       -|       -|
|Memory           |        -|      -|       -|       -|
|Multiplexer      |        -|      -|       -|      60|
|Register         |        -|      -|      39|       -|
+-----------------+---------+-------+--------+--------+
|Total            |        0|      0|      39|     125|
+-----------------+---------+-------+--------+--------+
|Available        |      730|    740|  269200|  129000|
+-----------------+---------+-------+--------+--------+
|Utilization (%)  |        0|      0|   ~0   |   ~0   |
+-----------------+---------+-------+--------+--------+

+ Detail: 
    * Instance: 
    N/A

    * DSP48: 
    N/A

    * Memory: 
    N/A

    * FIFO: 
    N/A

    * Expression: 
    +-----------------+----------+-------+---+----+------------+------------+
    |  Variable Name  | Operation| DSP48E| FF| LUT| Bitwidth P0| Bitwidth P1|
    +-----------------+----------+-------+---+----+------------+------------+
    |tmp_1_fu_131_p2  |     +    |      0|  0|  39|          32|           1|
    |tmp_3_fu_142_p2  |   icmp   |      0|  0|  18|          32|          32|
    |v_fu_156_p2      |    xor   |      0|  0|   8|           1|           2|
    +-----------------+----------+-------+---+----+------------+------------+
    |Total            |          |      0|  0|  65|          65|          35|
    +-----------------+----------+-------+---+----+------------+------------+

    * Multiplexer: 
    +------------------------------+----+-----------+-----+-----------+
    |             Name             | LUT| Input Size| Bits| Total Bits|
    +------------------------------+----+-----------+-----+-----------+
    |ap_NS_fsm                     |  27|          5|    1|          5|
    |simple_counter_aux_V          |  15|          3|   32|         96|
    |simple_counter_aux_V_1_fu_78  |   9|          2|   32|         64|
    |v_1_fu_74                     |   9|          2|    1|          2|
    +------------------------------+----+-----------+-----+-----------+
    |Total                         |  60|         12|   66|        167|
    +------------------------------+----+-----------+-----+-----------+

    * Register: 
    +------------------------------+----+----+-----+-----------+
    |             Name             | FF | LUT| Bits| Const Bits|
    +------------------------------+----+----+-----+-----------+
    |ap_CS_fsm                     |   4|   0|    4|          0|
    |simple_counter_aux_V_1_fu_78  |  32|   0|   32|          0|
    |tmp_3_reg_187                 |   1|   0|    1|          0|
    |tmp_reg_183                   |   1|   0|    1|          0|
    |v_1_fu_74                     |   1|   0|    1|          0|
    +------------------------------+----+----+-----+-----------+
    |Total                         |  39|   0|   39|          0|
    +------------------------------+----+----+-----+-----------+



================================================================
== Interface
================================================================
* Summary: 
+-----------------------------+-----+-----+------------+--------------------------+--------------+
|          RTL Ports          | Dir | Bits|  Protocol  |       Source Object      |    C Type    |
+-----------------------------+-----+-----+------------+--------------------------+--------------+
|ap_clk                       |  in |    1| ap_ctrl_hs | simple_counter::counting | return value |
|ap_rst                       |  in |    1| ap_ctrl_hs | simple_counter::counting | return value |
|start                        |  in |    1|   ap_none  |           start          |    pointer   |
|final                        |  in |   10|   ap_none  |           final          |    pointer   |
|count_out                    | out |    1|   ap_vld   |         count_out        |    pointer   |
|count_out_ap_vld             | out |    1|   ap_vld   |         count_out        |    pointer   |
|simple_counter_aux_V         | out |   32|   ap_vld   |   simple_counter_aux_V   |    pointer   |
|simple_counter_aux_V_ap_vld  | out |    1|   ap_vld   |   simple_counter_aux_V   |    pointer   |
|simple_counter_saida         | out |    1|   ap_vld   |   simple_counter_saida   |    pointer   |
|simple_counter_saida_ap_vld  | out |    1|   ap_vld   |   simple_counter_saida   |    pointer   |
+-----------------------------+-----+-----+------------+--------------------------+--------------+

