

================================================================
== Vivado HLS Report for 'translator_transform'
================================================================
* Date:           Mon Dec 11 13:07:01 2017

* Version:        2017.3 (Build 2018833 on Wed Oct 04 20:30:40 MDT 2017)
* Project:        translator
* Solution:       solution1
* Product family: artix7
* Target device:  xc7a200tfbg676-2


================================================================
== Performance Estimates
================================================================
+ Timing (ns): 
    * Summary: 
    +--------+-------+----------+------------+
    |  Clock | Target| Estimated| Uncertainty|
    +--------+-------+----------+------------+
    |ap_clk  |  10.00|      6.35|        1.25|
    +--------+-------+----------+------------+

+ Latency (clock cycles): 
    * Summary: 
    +-----+-----+-----+-----+---------+
    |  Latency  |  Interval | Pipeline|
    | min | max | min | max |   Type  |
    +-----+-----+-----+-----+---------+
    |   14|   14|   14|   14|   none  |
    +-----+-----+-----+-----+---------+

    + Detail: 
        * Instance: 
        N/A

        * Loop: 
        N/A



================================================================
== Utilization Estimates
================================================================
* Summary: 
+-----------------+---------+-------+--------+--------+
|       Name      | BRAM_18K| DSP48E|   FF   |   LUT  |
+-----------------+---------+-------+--------+--------+
|DSP              |        -|      2|       -|       -|
|Expression       |        -|      -|       0|      78|
|FIFO             |        -|      -|       -|       -|
|Instance         |        -|      -|     224|     108|
|Memory           |        -|      -|       -|       -|
|Multiplexer      |        -|      -|       -|     311|
|Register         |        -|      -|      26|       -|
+-----------------+---------+-------+--------+--------+
|Total            |        0|      2|     250|     497|
+-----------------+---------+-------+--------+--------+
|Available        |      730|    740|  269200|  129000|
+-----------------+---------+-------+--------+--------+
|Utilization (%)  |        0|   ~0  |   ~0   |   ~0   |
+-----------------+---------+-------+--------+--------+

+ Detail: 
    * Instance: 
    +-------------------------+----------------------+---------+-------+-----+----+
    |         Instance        |        Module        | BRAM_18K| DSP48E|  FF | LUT|
    +-------------------------+----------------------+---------+-------+-----+----+
    |translator_urem_1bkb_U1  |translator_urem_1bkb  |        0|      0|  130|  69|
    |translator_urem_7cud_U2  |translator_urem_7cud  |        0|      0|   94|  39|
    +-------------------------+----------------------+---------+-------+-----+----+
    |Total                    |                      |        0|      0|  224| 108|
    +-------------------------+----------------------+---------+-------+-----+----+

    * DSP48: 
    +-------------------------+----------------------+-----------+
    |         Instance        |        Module        | Expression|
    +-------------------------+----------------------+-----------+
    |translator_mul_mudEe_U3  |translator_mul_mudEe  |  i0 * i1  |
    |translator_mul_mudEe_U4  |translator_mul_mudEe  |  i0 * i1  |
    +-------------------------+----------------------+-----------+

    * Memory: 
    N/A

    * FIFO: 
    N/A

    * Expression: 
    +--------------------------+----------+-------+---+----+------------+------------+
    |       Variable Name      | Operation| DSP48E| FF| LUT| Bitwidth P0| Bitwidth P1|
    +--------------------------+----------+-------+---+----+------------+------------+
    |tmp_5_fu_398_p2           |     +    |      0|  0|  13|           3|           4|
    |ap_condition_473          |    and   |      0|  0|   8|           1|           1|
    |ap_condition_485          |    and   |      0|  0|   8|           1|           1|
    |ap_condition_496          |    and   |      0|  0|   8|           1|           1|
    |tmp_3_fu_393_p2           |   icmp   |      0|  0|   9|           4|           4|
    |tmp_6_fu_383_p2           |   icmp   |      0|  0|  13|          10|           6|
    |p_cast_cast_fu_448_p3     |  select  |      0|  0|   7|           1|           1|
    |tmp_4_fu_403_p3           |  select  |      0|  0|   4|           1|           4|
    |valor_assign_3_fu_415_p2  |    xor   |      0|  0|   8|           1|           2|
    +--------------------------+----------+-------+---+----+------------+------------+
    |Total                     |          |      0|  0|  78|          23|          24|
    +--------------------------+----------+-------+---+----+------------+------------+

    * Multiplexer: 
    +----------------------------------+----+-----------+-----+-----------+
    |               Name               | LUT| Input Size| Bits| Total Bits|
    +----------------------------------+----+-----------+-----+-----------+
    |ap_NS_fsm                         |  65|         16|    1|         16|
    |ap_phi_mux_p_0_i1_phi_fu_283_p22  |  53|         12|    7|         84|
    |ap_phi_mux_p_0_i2_phi_fu_245_p22  |  53|         12|    7|         84|
    |ap_phi_mux_p_0_i_phi_fu_321_p22   |  53|         12|    7|         84|
    |translator_digits_address0        |  15|          3|    2|          6|
    |translator_digits_address1        |  15|          3|    2|          6|
    |translator_digits_d0              |  15|          3|   32|         96|
    |translator_digits_d1              |  15|          3|   32|         96|
    |translator_transformed_o          |  27|          5|   32|        160|
    +----------------------------------+----+-----------+-----+-----------+
    |Total                             | 311|         69|  122|        632|
    +----------------------------------+----+-----------+-----+-----------+

    * Register: 
    +-------------------+----+----+-----+-----------+
    |        Name       | FF | LUT| Bits| Const Bits|
    +-------------------+----+----+-----+-----------+
    |div1_cast_reg_502  |   4|   0|    4|          0|
    |div_cast_reg_497   |   7|   0|    7|          0|
    |tmp_4_reg_515      |   4|   0|    4|          0|
    |tmp_6_reg_509      |   1|   0|    1|          0|
    |val_V_reg_490      |  10|   0|   10|          0|
    +-------------------+----+----+-----+-----------+
    |Total              |  26|   0|   26|          0|
    +-------------------+----+----+-----+-----------+



================================================================
== Interface
================================================================
* Summary: 
+---------------------------------+-----+-----+------------+------------------------+--------------+
|            RTL Ports            | Dir | Bits|  Protocol  |      Source Object     |    C Type    |
+---------------------------------+-----+-----+------------+------------------------+--------------+
|ap_clk                           |  in |    1| ap_ctrl_hs |  translator::transform | return value |
|ap_rst                           |  in |    1| ap_ctrl_hs |  translator::transform | return value |
|number                           |  in |   10|   ap_none  |         number         |    pointer   |
|whichDisp                        |  in |    4|   ap_none  |        whichDisp       |    pointer   |
|toDisp                           | out |    7|   ap_vld   |         toDisp         |    pointer   |
|toDisp_ap_vld                    | out |    1|   ap_vld   |         toDisp         |    pointer   |
|translator_disp                  | out |   32|   ap_vld   |     translator_disp    |    pointer   |
|translator_disp_ap_vld           | out |    1|   ap_vld   |     translator_disp    |    pointer   |
|translator_digits_address0       | out |    2|  ap_memory |    translator_digits   |     array    |
|translator_digits_ce0            | out |    1|  ap_memory |    translator_digits   |     array    |
|translator_digits_we0            | out |    1|  ap_memory |    translator_digits   |     array    |
|translator_digits_d0             | out |   32|  ap_memory |    translator_digits   |     array    |
|translator_digits_address1       | out |    2|  ap_memory |    translator_digits   |     array    |
|translator_digits_ce1            | out |    1|  ap_memory |    translator_digits   |     array    |
|translator_digits_we1            | out |    1|  ap_memory |    translator_digits   |     array    |
|translator_digits_d1             | out |   32|  ap_memory |    translator_digits   |     array    |
|translator_transformed_i         |  in |   32|   ap_ovld  | translator_transformed |    pointer   |
|translator_transformed_o         | out |   32|   ap_ovld  | translator_transformed |    pointer   |
|translator_transformed_o_ap_vld  | out |    1|   ap_ovld  | translator_transformed |    pointer   |
+---------------------------------+-----+-----+------------+------------------------+--------------+

