

================================================================
== Vivado HLS Report for 'translator'
================================================================
* Date:           Mon Dec 11 13:07:02 2017

* Version:        2017.3 (Build 2018833 on Wed Oct 04 20:30:40 MDT 2017)
* Project:        translator
* Solution:       solution1
* Product family: artix7
* Target device:  xc7a200tfbg676-2


================================================================
== Performance Estimates
================================================================
+ Timing (ns): 
    * Summary: 
    +--------+-------+----------+------------+
    |  Clock | Target| Estimated| Uncertainty|
    +--------+-------+----------+------------+
    |ap_clk  |  10.00|      6.35|        1.25|
    +--------+-------+----------+------------+

+ Latency (clock cycles): 
    * Summary: 
    +-----+-----+-----+-----+---------+
    |  Latency  |  Interval | Pipeline|
    | min | max | min | max |   Type  |
    +-----+-----+-----+-----+---------+
    |    1|   15|    2|   16|   none  |
    +-----+-----+-----+-----+---------+

    + Detail: 
        * Instance: 
        +--------------------------------+----------------------+-----+-----+-----+-----+---------+
        |                                |                      |  Latency  |  Interval | Pipeline|
        |            Instance            |        Module        | min | max | min | max |   Type  |
        +--------------------------------+----------------------+-----+-----+-----+-----+---------+
        |grp_translator_transform_fu_48  |translator_transform  |   14|   14|   14|   14|   none  |
        +--------------------------------+----------------------+-----+-----+-----+-----+---------+

        * Loop: 
        N/A



================================================================
== Utilization Estimates
================================================================
* Summary: 
+-----------------+---------+-------+--------+--------+
|       Name      | BRAM_18K| DSP48E|   FF   |   LUT  |
+-----------------+---------+-------+--------+--------+
|DSP              |        -|      -|       -|       -|
|Expression       |        -|      -|       -|       -|
|FIFO             |        -|      -|       -|       -|
|Instance         |        -|      2|     250|     497|
|Memory           |        0|      -|      64|       2|
|Multiplexer      |        -|      -|       -|       -|
|Register         |        -|      -|      39|       -|
+-----------------+---------+-------+--------+--------+
|Total            |        0|      2|     353|     499|
+-----------------+---------+-------+--------+--------+
|Available        |      730|    740|  269200|  129000|
+-----------------+---------+-------+--------+--------+
|Utilization (%)  |        0|   ~0  |   ~0   |   ~0   |
+-----------------+---------+-------+--------+--------+

+ Detail: 
    * Instance: 
    +--------------------------------+----------------------+---------+-------+-----+-----+
    |            Instance            |        Module        | BRAM_18K| DSP48E|  FF | LUT |
    +--------------------------------+----------------------+---------+-------+-----+-----+
    |grp_translator_transform_fu_48  |translator_transform  |        0|      2|  250|  497|
    +--------------------------------+----------------------+---------+-------+-----+-----+
    |Total                           |                      |        0|      2|  250|  497|
    +--------------------------------+----------------------+---------+-------+-----+-----+

    * DSP48: 
    N/A

    * Memory: 
    +---------------------+----------------------+---------+----+----+------+-----+------+-------------+
    |        Memory       |        Module        | BRAM_18K| FF | LUT| Words| Bits| Banks| W*Bits*Banks|
    +---------------------+----------------------+---------+----+----+------+-----+------+-------------+
    |translator_digits_U  |translator_transleOg  |        0|  64|   2|     4|   32|     1|          128|
    +---------------------+----------------------+---------+----+----+------+-----+------+-------------+
    |Total                |                      |        0|  64|   2|     4|   32|     1|          128|
    +---------------------+----------------------+---------+----+----+------+-----+------+-------------+

    * FIFO: 
    N/A

    * Expression: 
    N/A

    * Multiplexer: 
    N/A

    * Register: 
    +------------------------+----+----+-----+-----------+
    |          Name          | FF | LUT| Bits| Const Bits|
    +------------------------+----+----+-----+-----------+
    |toDisp                  |   7|   0|    7|          0|
    |translator_transformed  |  32|   0|   32|          0|
    +------------------------+----+----+-----+-----------+
    |Total                   |  39|   0|   39|          0|
    +------------------------+----+----+-----+-----------+



================================================================
== Interface
================================================================
* Summary: 
+-----------+-----+-----+------------+------------------------+--------------+
| RTL Ports | Dir | Bits|  Protocol  |      Source Object     |    C Type    |
+-----------+-----+-----+------------+------------------------+--------------+
|number     |  in |   10|   ap_none  |         number         |    pointer   |
|whichDisp  |  in |    4|   ap_none  |        whichDisp       |    pointer   |
|toDisp     | out |    7|   ap_vld   |         toDisp         |    pointer   |
|ap_clk     |  in |    1| ap_ctrl_hs | translator::translator | return value |
|ap_rst     |  in |    1| ap_ctrl_hs | translator::translator | return value |
+-----------+-----+-----+------------+------------------------+--------------+

