

================================================================
== Vivado HLS Report for 'simple_counter_counting'
================================================================
* Date:           Wed Dec 13 19:58:49 2017

* Version:        2017.3 (Build 2018833 on Wed Oct 04 20:30:40 MDT 2017)
* Project:        contador
* Solution:       solution1
* Product family: artix7
* Target device:  xc7a35ticpg236-1l


================================================================
== Performance Estimates
================================================================
+ Timing (ns): 
    * Summary: 
    +--------+-------+----------+------------+
    |  Clock | Target| Estimated| Uncertainty|
    +--------+-------+----------+------------+
    |ap_clk  |  10.00|      3.79|        1.25|
    +--------+-------+----------+------------+

+ Latency (clock cycles): 
    * Summary: 
    +-----+-----+-----+-----+---------+
    |  Latency  |  Interval | Pipeline|
    | min | max | min | max |   Type  |
    +-----+-----+-----+-----+---------+
    |    3|    3|    3|    3|   none  |
    +-----+-----+-----+-----+---------+

    + Detail: 
        * Instance: 
        N/A

        * Loop: 
        +----------+-----+-----+----------+-----------+-----------+------+----------+
        |          |  Latency  | Iteration|  Initiation Interval  | Trip |          |
        | Loop Name| min | max |  Latency |  achieved |   target  | Count| Pipelined|
        +----------+-----+-----+----------+-----------+-----------+------+----------+
        |- Loop 1  |    1|    1|         1|          -|          -|  inf |    no    |
        +----------+-----+-----+----------+-----------+-----------+------+----------+



================================================================
== Utilization Estimates
================================================================
* Summary: 
+-----------------+---------+-------+-------+-------+
|       Name      | BRAM_18K| DSP48E|   FF  |  LUT  |
+-----------------+---------+-------+-------+-------+
|DSP              |        -|      -|      -|      -|
|Expression       |        -|      -|      0|     17|
|FIFO             |        -|      -|      -|      -|
|Instance         |        -|      -|      -|      -|
|Memory           |        -|      -|      -|      -|
|Multiplexer      |        -|      -|      -|     30|
|Register         |        -|      -|     13|      -|
+-----------------+---------+-------+-------+-------+
|Total            |        0|      0|     13|     47|
+-----------------+---------+-------+-------+-------+
|Available        |      100|     90|  41600|  20800|
+-----------------+---------+-------+-------+-------+
|Utilization (%)  |        0|      0|   ~0  |   ~0  |
+-----------------+---------+-------+-------+-------+

+ Detail: 
    * Instance: 
    N/A

    * DSP48: 
    N/A

    * Memory: 
    N/A

    * FIFO: 
    N/A

    * Expression: 
    +--------------+----------+-------+---+----+------------+------------+
    | Variable Name| Operation| DSP48E| FF| LUT| Bitwidth P0| Bitwidth P1|
    +--------------+----------+-------+---+----+------------+------------+
    |v_V_fu_98_p2  |     +    |      0|  0|  17|          10|           1|
    +--------------+----------+-------+---+----+------------+------------+
    |Total         |          |      0|  0|  17|          10|           1|
    +--------------+----------+-------+---+----+------------+------------+

    * Multiplexer: 
    +-------------+----+-----------+-----+-----------+
    |     Name    | LUT| Input Size| Bits| Total Bits|
    +-------------+----+-----------+-----+-----------+
    |ap_NS_fsm    |  21|          4|    1|          4|
    |v_V_1_fu_64  |   9|          2|   10|         20|
    +-------------+----+-----------+-----+-----------+
    |Total        |  30|          6|   11|         24|
    +-------------+----+-----------+-----+-----------+

    * Register: 
    +-------------+----+----+-----+-----------+
    |     Name    | FF | LUT| Bits| Const Bits|
    +-------------+----+----+-----+-----------+
    |ap_CS_fsm    |   3|   0|    3|          0|
    |v_V_1_fu_64  |  10|   0|   10|          0|
    +-------------+----+----+-----+-----------+
    |Total        |  13|   0|   13|          0|
    +-------------+----+----+-----+-----------+



================================================================
== Interface
================================================================
* Summary: 
+-----------------------------+-----+-----+------------+--------------------------+--------------+
|          RTL Ports          | Dir | Bits|  Protocol  |       Source Object      |    C Type    |
+-----------------------------+-----+-----+------------+--------------------------+--------------+
|ap_clk                       |  in |    1| ap_ctrl_hs | simple_counter::counting | return value |
|ap_rst                       |  in |    1| ap_ctrl_hs | simple_counter::counting | return value |
|start                        |  in |    1|   ap_none  |           start          |    pointer   |
|count_out                    | out |   10|   ap_vld   |         count_out        |    pointer   |
|count_out_ap_vld             | out |    1|   ap_vld   |         count_out        |    pointer   |
|simple_counter_aux_V         | out |   10|   ap_vld   |   simple_counter_aux_V   |    pointer   |
|simple_counter_aux_V_ap_vld  | out |    1|   ap_vld   |   simple_counter_aux_V   |    pointer   |
+-----------------------------+-----+-----+------------+--------------------------+--------------+

